OK  FIRST 終身雇用 claim=1961 | api=16 literal=16 | earliest literal: 1961-02-15 衆議院 予算委員会 岡良一 「…といたしましても、全体的にはもう日本の賃金構造の、終身雇用を前提とした年功序列の賃金体系というものは、どちら…」
NG  FIRST 年功序列 claim=1960-12 | api=7 literal=7 | earliest literal: 1960-05-06 衆議院 地方行政委員会 古賀専 「…のでありまして、大工場とか大企業でありますならば、年功序列型の賃金で、年配者はそれなりに優遇されますけれども…」
NG  FIRST 見合い結婚 claim=1956-06-01 | api=3 literal=3 | earliest literal: 1956-04-06 衆議院 文教委員会 山本勝市 「…士の恋愛結婚によってできた家庭と、そうではなしに、見合い結婚によってできた家庭、あるいは一方が一方をただ夫が選…」
NG  FIRST 恋愛結婚 claim=1949-12-15 | api=2 literal=2 | earliest literal: 1949-07-22 衆議院 考査特別委員会 西田寅藏 「…横道へそれるが、今までは見合結婚であつたが、今度は恋愛結婚になつた。あの女は嫌いだけれどもしようがないという…」
OK  FIRST 結婚退職 claim=1964 | api=4 literal=4 | earliest literal: 1964-12-03 参議院 社会労働委員会 道正邦彦 「…○説明員（道正邦彦君）現在女子受給者の、特に結婚退職者等に対する保険金支給の問題が現実に問題になってい…」
OK  FIRST 寿退社 claim=2001-10-26 | api=1 literal=1 | earliest literal: 2001-10-26 衆議院 厚生労働委員会 中川智子 「…、会社をやめてちょっとそっちを追いかけてしまって、寿退社というのをしたんですね。そして、かの地に参りまして…」
OK  FIRST 二十四時間戦えますか claim=1990-06-15 | api=1 literal=1 | earliest literal: 1990-06-15 衆議院 災害対策特別委員会 村上誠一郎 「…る。そういう中で活動が二十四時間化が進んでいる。「二十四時間戦えますか」というコマーシャルが非常によくはやっておりますが…」
OK  FIRST 根性論 claim=1966-08-30 | api=1 literal=1 | earliest literal: 1966-08-30 参議院 文教委員会 秋山長造 「…○秋山長造君根性論争をしようとは思はぬのですけれども、正義のために戦…」
OK  FIRST ノミニケーション claim=1992-04-23 | api=1 literal=1 | earliest literal: 1992-04-23 衆議院 農林水産委員会 氣賀澤隆三 「…様や農業委員会長さんとなかなかコミュニケーション、ノミニケーションもたくさんあるわけでございまして、日ごろ意思を通じ…」
OK  FIRST 飲みニケーション claim=1994-09-02 | api=2 literal=2 | earliest literal: 1994-09-02 参議院 決算委員会 守住有信 「…まってやるわけですから、そこでコミュニケーション、飲みニケーションが入る。そうすると、いろんな実態もわかる、刺激にも…」
OK  FIRST ワーク・ライフ・バランス claim=2003-02-12 | api=17 literal=16 | earliest literal: 2003-02-12 参議院 国民生活・経済に関する調査会 前田信彦 「…番目に書いてあることでございますが、その①、まず「ワークライフバランスを可能にする労働時間生活時間」です。私たちは労働という…」
OK  FIRST 家族の絆 claim=1998-06-02 | api=1 literal=1 | earliest literal: 1998-06-02 参議院 行財政改革・税制等に関する特別委員会 都築譲 「…易に依存するのではなく、自立を重んじ、自己を律し、家族の絆を大切にし、国を愛する国民が自ら目標を定め、行動す…」
NG  FIRST 自己責任原則 claim=1970-09-03 | api=8 literal=8 | earliest literal: 1952-12-17 参議院 通商産業委員会中小企業に関する小委員会 福田久男 「…つております。ただその際に考えなければならん点は、自己責任原則という問題だと思います。つまり金融機関に任せきつて…」
NG  FIRST タイパ claim=2023-02-22 | api=181 literal=16 | earliest literal: 1954-03-04 衆議院 通商産業委員会木材利用に関する小委員会 佐藤輝雄 「…関する研究とか、まくら木の防腐処理の研究、あるいはタイパツトと申しまして、大体レールの下にゴム製品を入れま…」
OK  FIRST 推し活 claim=2024-02-29 | api=1 literal=1 | earliest literal: 2024-02-29 衆議院 予算委員会公聴会 末冨芳 「…いただきたいなと思います。今どきの言い方で言うと、推し活だと思っています。そのときに、五万円払わないと自分…」
OK  FIRST 親ガチャ claim=2021-10-12 | api=24 literal=1 | earliest literal: 2021-10-12 参議院 本会議 世耕弘成 「…す。最近、とても嫌な言葉を耳にすることがあります。親ガチャ。自分の親は選べない。自販機から出てくるカプセル式…」
NG  TOTAL 恋愛結婚 claim=45 | api=45 literal=40 years=2026,2024,2013,2009,2006,2005,2002,2000,1999,1998,1997,1994,1985,1971,1968,1963,1959,1958,1956,1949
NG  TOTAL 結婚退職 claim=243 | api=243 literal=239 years=2021,2017,2016,2009,2008,2007,2006,2005,2003,2002,2001,2000,1999,1998,1997,1995,1993,1992,1991,1989,1987,1985,1984,1983,1982,1981,1980,1979,1978,1977,1976,1975,1974,1973,1972,1971,1970,1969,1968,1967,1966,1965,1964
NG  TOTAL 寿退社 claim=1 | api=33 literal=33 years=2026,2025,2024,2023,2019,2018,2016,2015,2014,2011,2009,2008,2004,2001
OK  TOTAL 二十四時間戦えますか claim=9 | api=9 literal=9 years=2026,2024,2021,2018,2016,2012,1990
OK  TOTAL TELハラ claim=0 | api=0 literal=0 years=
OK  TOTAL 学歴フィルター claim=0 | api=0 literal=0 years=
NG  TOTAL マインドフルネス claim=1 | api=2 literal=2 years=2019,1983
OK  YEAR 副業 2010 claim=5 | api=5 literal=5
OK  YEAR 副業 2013 claim=9 | api=9 literal=9
OK  YEAR 副業 2016 claim=30 | api=30 literal=30
OK  YEAR 副業 2018 claim=66 | api=66 literal=66
OK  YEAR 副業 2021 claim=72 | api=72 literal=72
OK  YEAR 副業 2024 claim=97 | api=97 literal=97
== タイパ（2015-）literal 17
  2023-02-22 参議院 国民生活・経済及び地方に関する調査会 | 久我尚子（株式会社ニッセイ基礎研究所生活研究部上席研究員）| 「…ービスなどがネット上も広がる中で、やはりコスパとか、最近ではタイパ、タイムパフォーマンスを意識するという消費行動が若い世代だけ…」
  2023-04-12 衆議院 文部科学委員会 | 梅谷守（ 立憲民主党・無所属）| 「…かい点はいろいろあるんですけれども、時間の関係で省きますが、タイパという言葉が、タイムパフォーマンスなどという若者言葉があるん…」
  2023-04-13 参議院 文教科学委員会 | 伊藤孝恵（ 国民民主党・新緑風会）| 「…ず、今もう学校の場、学ぶ場でも働く場でもすぐコスパを求める、タイパを求める、こういった中ではなかなかイノベーションというのは生…」
  2023-04-26 参議院 国民生活・経済及び地方に関する調査会 | 伊藤孝恵（ 国民民主党・新緑風会）| 「…ダーイクオリティー、例えば多様な家族の許容、それからコスパ、タイパのがんじがらめの職場、平等で流動的な雇用システム等々実現して…」
  2023-12-07 参議院 経済産業委員会 | 古賀之士（ 立憲民主・社民）| 「…いますし、それから若者の間で今はやっているのは、コスパならぬタイパ、タイパという言葉がはやっています。これは、コストパフォーマ…」 「…、それから若者の間で今はやっているのは、コスパならぬタイパ、タイパという言葉がはやっています。これは、コストパフォーマンスだけ…」
  2023-12-07 参議院 厚生労働委員会 | 田村まみ（ 国民民主党・新緑風会）| 「…うやり方も相当幅が広がっているというふうに思います。いわゆるタイパ、コスパを考えて、本当に時間で切り取ってというようなところで…」
== 自己責任原則 1952
  1952-12-17 参議院 通商産業委員会中小企業に関する小委員会 | 福田久男（大蔵省銀行局総務課長）| 「…つております。その限度を上げるべきじやないかという御意見もかねがね承わつております。ただその際に考えなければならん点は、自己責任原則という問題だと思います。つまり金融機関に任せきつておる、金融機関に任せきつた場合に、その行為に伴う結果の、仮に損失があつ…」
  [meeting] 会議録情報 null 昭和二十七年十二月十七日（水曜日）午後二時八分開会—————————————昭和二十七年十二月三日通商産業委員長において小委員を左の通り指名した。小林英三君松本昇君古池信三君左藤義詮君加藤正人君奥むめお君栗山良夫君小松正雄君竹中七郎君石川清
  [meeting] 福田久男 大蔵省銀行局総務課長 ○説明員（福田久男君）年末金融について本会議でも大臣から御答弁申上げたと思いますが、かいつまんで申しますと、今年の年末に、特に第四四半期を通じて考えてみますと、一般的に申しますと、中小企業の問題を離れて全体から申しますと、国庫からの支払い超
  [meeting] 福田久男 大蔵省銀行局総務課長 ○説明員（福田久男君）日本開発銀行は御承知のように、中小企業を含めまして私企業に対する融資全部を承継いたしたのでありますが、そのうち二回に分けて行いまして、九月の中旬に第一回、十月の十九日に第二回だつたと思います。その第二回の承継の中に中小
  [meeting] 福田久男 大蔵省銀行局総務課長 ○説明員（福田久男君）ちよつと手許に持つておりませんが、一カ月くらいの間に五億くらいの融資承諾が行われたように私は記憶しております。従つて見返当時に比べますと、倍を超えているんじやないかというふうに考えます。
== マインドフルネス
  2019-11-14 参議院 法務委員会 | 名執雅子（法務省矯正局長）| 「…ことを目指すアサーショントレーニングと、呼吸の観察などを通じて衝動性の低減や自己統制力の向上を目指すマインドフルネスから成る基本プログラムを実施するとともに、個々の問題性に応じて、自傷、摂食障害、性問題行動など、特に…」
  1983-04-11 参議院 安全保障特別委員会 | 阿曽沼廣郷（軍事評論家）| 「…が、日本が海洋国家であり、海の安全な利用についてこれをバイタルな問題として考えるという、いわゆるシーマインドフルネス、海洋に対する知覚が十分であるということがこの知恵であろうかと思います。いま、日本にシーレーンの防衛…」
== 見合結婚（表記ゆれ）literal 4
  1947-08-20 衆議院 司法委員会公聴会 | 眞杉静枝（）| 「…なりましたけれども、結婚いたしますときに、この間うち街で街頭録音のようなことで、見合結婚がいいかとか親の定めた結婚がいいかというようなことを問題にとりあげておりまして、…」
  1948-12-09 衆議院 予算委員会 | 世耕弘一（ 新自由党）| 「…なければならぬものじやないかと私は考えるのであります。その意味において、最近集團見合結婚というものが流行して、世間にいろいろな話題を投げかけて來ておりますが、こういう点…」
  1949-07-22 衆議院 考査特別委員会 | 西田寅藏（日本國有鉄道東神奈川車掌区車掌）| 「…西田証人自分の意思に反したことを持つて來る、ちよつと話は横道へそれるが、今までは見合結婚であつたが、今度は恋愛結婚になつた。あの女は嫌いだけれどもしようがないということ…」
== 根性論（根性論争を除く） literal 46
  1969-03-19 参議院 予算委員会 | 有田喜一（防衛庁長官 自由民主党）| 「…おりまして、保利官房長官がどういうことを言われたか知りませんけれども、根性論には賛成でございます。また同時に、国力、国情に応じた整備も必要だ、かように考…」
  1988-03-28 参議院 文教委員会 | 中島源太郎（文部大臣 自由民主党）| 「…ら、質のいい指導者を育てるということであります。第三番目は、さりながら根性論だけではいけませんので、医学的、科学的、医科学的な面で十分対応できるような制…」
  1988-03-31 参議院 文教委員会 | 中島源太郎（文部大臣 自由民主党）| 「…うのはすぐ見抜けるそうだものでございますから、見抜いて、さて次にそれを根性論でたたき上げても、これは今の時勢あるいはスポーツの振興とは一致するとは限りま…」
== タイパ 2025-05-13 2025-05-13 衆議院 農林水産委員会 | 庄子賢一（農林水産大臣政務官 公明党）| 「…臣政務官御質問ありがとうございます。食料の消費におきましては、いわゆるタイパが重視をされている中で、加工あるいは冷凍食品、そして中食と呼ばれる総菜等の需…」
== WLB 2003-02-12 2003-02-12 参議院 国民生活・経済に関する調査会 | 前田信彦（立命館大学産業社会学部助教授）| 「…。レジュメのこれは三番目に書いてあることでございますが、その①、まず「ワークライフバランスを可能にする労働時間生活時間」です。私たちは労働というと必ず賃…」
== WLB 2003-02-12 2003-02-12 参議院 国民生活・経済に関する調査会 | 西嶋美那子（アイ・ビー・エム・ワールド・トレード・アジア・コーポレイションＡＰワークフォースダイバシティーマネジ）| 「…重要な人事戦略なんです。ですから、そういう意味で、人事戦略の一つとしてワークライフバランスということを真剣に考えていくというふうになっています。それから…」
== WLB 2003-02-12 2003-02-12 参議院 国民生活・経済に関する調査会 | パク・ジョアン・スックチャ（有限会社アパショナータ代表）| 「…ございます。今回のテーマの少子高齢化時代の働き方につきましては、やはりワークライフバランスという新しい取組が何か解決策の糸口になるのかなというふうに感じ…」
== WLB 2003-02-12 2003-02-12 参議院 国民生活・経済に関する調査会 | 松山政司（ 自由民主党・保守党）| 「…こう今思っているんですが。今日、それぞれ先生方のお話をお聞きして、このワークライフバランスの理論というのは今後の日本における働き方を考える上で非常に参考…」
== WLB 2003-02-12 2003-02-12 参議院 国民生活・経済に関する調査会 | パク・ジョアン・スックチャ（有限会社アパショナータ代表）| 「…ションなんだということをもっとプロモーションしていきたい。だから私は、ワークライフバランスは男性が働きやすくなるための取組だと日本では思っています。だか…」
== WLB 2003-02-12 2003-02-12 参議院 国民生活・経済に関する調査会 | 円より子（ 民主党・新緑風会）| 「…ました。私は三十年ほど前に北欧諸国を取材に行きました。そのテーマは正にワークライフバランスだったんですが、ある企業が、例えば夫と妻が共働きで、そして子供…」
== WLB 2003-02-12 2003-02-12 参議院 国民生活・経済に関する調査会 | 前田信彦（立命館大学産業社会学部助教授）| 「…な政策、それからもう一つが、これは私の関心である、仕事と家庭というか、ワークライフバランスをある程度成功させているということですね。むしろ後者の方、御質…」
== WLB 2003-02-12 2003-02-12 参議院 国民生活・経済に関する調査会 | パク・ジョアン・スックチャ（有限会社アパショナータ代表）| 「…○参考人（パクジョアンスックチャ君）外国において、アメリカにおいてですけれども、…」
== WLB 2003-02-12 2003-02-12 参議院 国民生活・経済に関する調査会 | 畑野君枝（ 日本共産党）| 「…共産党の畑野君枝でございます。前田参考人、西嶋参考人、パク参考人からはワークライフバランスのお話を伺わせていただきまして、大変勉強になりました。ＩＬＯ百…」
== WLB 2003-02-12 2003-02-12 参議院 国民生活・経済に関する調査会 | 前田信彦（立命館大学産業社会学部助教授）| 「…リットがあるんではないかというふうに思います。それから、私は、もう一つワークライフバランスの可能性ということについて見てみますと、何も女性とか中年男性だ…」
== WLB 2003-02-12 2003-02-12 参議院 国民生活・経済に関する調査会 | 西嶋美那子（アイ・ビー・エム・ワールド・トレード・アジア・コーポレイションＡＰワークフォースダイバシティーマネジ）| 「…どもでも統計を取っていると、かなりポジションが高い人で評価がいい人ほどワークライフバランスという問題は深刻な問題として取り上げているという例がございます…」
== WLB 2003-02-12 2003-02-12 参議院 国民生活・経済に関する調査会 | 西山登紀子（ 日本共産党）| 「…かというようなことも伺うわけですけれども、先ほど来、企業側のいろいろなワークライフバランスだとか、フォースダイバシティーですか、マネジャーに携わっていら…」
== WLB 2003-02-12 2003-02-12 参議院 国民生活・経済に関する調査会 | 前田信彦（立命館大学産業社会学部助教授）| 「…ど言ったようにダブルインカムになるわけですね。ダブルインカムだけれどもワークライフバランスが取れた働き方になるというふうに思います。だから、賃金体系を変…」
== WLB 2003-02-12 2003-02-12 参議院 国民生活・経済に関する調査会 | 和田ひろ子（ 民主党・新緑風会）| 「…○和田ひろ子君きっと最後になるんですか、今日はワークライフバランスとか、ダイバーシティーとか、オランダ方式とか、本当に大変いいお…」
== WLB 2003-02-12 2003-02-12 参議院 国民生活・経済に関する調査会 | 前田信彦（立命館大学産業社会学部助教授）| 「…あるいは家族という、いわゆる生活環境といったものをトータルに考えていくワークライフバランスの一つのきっかけになるのではないかというふうに思っています。ち…」
== WLB 2003-02-12 2003-02-12 参議院 国民生活・経済に関する調査会 | 渡辺孝男（農林水産大臣政務官 公明党）| 「…見ありがとうございました。今のお話とは続くようなお話なんですけれども、ワークライフバランス、このライフというのは今までのお話ですと、やはり労働する人、働…」
== WLB 2003-02-12 2003-02-12 参議院 国民生活・経済に関する調査会 | 西嶋美那子（アイ・ビー・エム・ワールド・トレード・アジア・コーポレイションＡＰワークフォースダイバシティーマネジ）| 「…上で、親がどう考えるかと判断してきているはずですから、そこも含まれてのワークライフバランスという問題だと思っています。やはりこの問題というのは、子育てと…」
== 手をつないでゴール api 13 literal 13
  1998-09-24 参議院 文教・科学委員会 | 林紀子（ 日本共産党）| 「…山といった市の小学校。徒競走、駆けっこというのがありますよね。あれでは一等、二等と順番をつけるのは差別だ、みんなが一緒に手をつないでゴールしましょう。こんなばかばかしいことが大まじめで行われているんです。この問題だったらまだばかばかしいで済むかなと思う…」
  2001-02-27 衆議院 文部科学委員会 | 鎌田さゆり（ 民主党・無所属クラブ）| 「…ました、運動会ではとにかく子供たちに勝敗の差をつけて傷つけたくないという、これは全く誤った心配りだと思うのですね。全員が手をつないでゴールに行って、全員一緒に一等賞。あるいは学芸会に行けば、主役のシンデレラの役の女の子がぞろぞろぞろぞろ、十人もそれ以上…」
  2001-03-22 参議院 文教科学委員会 | 町村信孝（文部科学大臣 自由民主党）| 「…いうことは違うはずであります。しかし、例えば、これもよく言われておりますけれども、学校の徒競走、運動会でゴール前で一斉に手をつないでゴールインする、これは結果の平等だ、子供たちに差別をしないように、みんな平等なんだからゴールインも平等にした方がいいとか…」
  2001-11-27 参議院 文教科学委員会 | 藤田英典（東京大学大学院教育学研究科長）| 「…なかなか難しいと思いますが、徐々に変わってきていると思います。五十メートル走で、四十メートル一生懸命走った、あとは仲よく手をつないでゴールインなんということを今やっている学校はどんどん少なくなっていると思いますから、こういうのこそマスコミやあるいは保護…」
  2004-03-02 衆議院 予算委員会第四分科会 | 河村建夫（文部科学大臣 自由民主党）| 「…こういうものがあったと私は思いますね。よく例とされて、例えば運動会においても、スタートして、最後のゴールのときには一緒に手をつないでゴールしろとか、こんなことが現実に教育現場であったということが指摘されておるわけでございます。このような画一的な過度の平…」
  2006-03-30 参議院 文教科学委員会 | 大仁田厚（ 自由民主党）| 「…大臣、そう言われましたね、今ね、競い合うと。そうしたら、今行われている、ほかの学校で行われている、ゴール前に手をつなぐ、手をつないでゴールインする、これについてどう思われますか、大臣。手短にお願いします。済みません、独立法人やらなきゃいけないものですか…」
  2006-03-30 参議院 文教科学委員会 | 小坂憲次（文部科学大臣 自由民主党）| 「…養う意味からすれば、やはり競争心というものを養っていくことも必要でございます。ただ、学校が荒れている状況を改善するために手をつないでゴールしましょうというのなら、それも一つの方法だろうと答えたつもりなんですが。…」
  2006-11-09 衆議院 教育基本法に関する特別委員会 | 坂口力（ 公明党）| 「…、できない子とありますときに、できないのも個性というふうに考えられてしまう可能性もある。格差が生まれてくる。運動会でも、手をつないでゴールインするのもいかがなものかと思いますけれども、しかし、余り格差が生まれても困る。個性の尊重というのは、総論として非…」
  2006-11-22 参議院 教育基本法に関する特別委員会 | 安倍晋三（内閣総理大臣 自由民主党）| 「…いくということにあるのではないかと、このように思います。よく結果平等の典型的な例として、例えば徒競走をして、最後は全員が手をつないでゴールするということが実際に行われていたということでございますが、人にはそれぞれ得意な分野があって、自分はどうも算数は苦…」
  2006-11-22 参議院 教育基本法に関する特別委員会 | 佐藤泰介（ 民主党・新緑風会）| 「…論ずる中で直接現場を見られたことが、四人の大臣の方にお伺いしますが、現場を見られてそう言われたのか。とりわけ徒競走、最後手をつないで入ろうなんて、僕はやったことがありませんし見たこともありませんし、当然それぞれの工夫がされると思いますが、多分それをやれ…」
  2006-11-22 参議院 教育基本法に関する特別委員会 | 塩崎恭久（内閣官房長官 自由民主党）| 「…○国務大臣（塩崎恭久君）私も現場で手をつないでゴールインしたというのは見たことはございませんが、話はいろいろなところで聞いたことがございます。…」
  2006-11-22 参議院 教育基本法に関する特別委員会 | 佐藤泰介（ 民主党・新緑風会）| 「…であって違うんだということが、答弁が返ってくることが多いです。したがって、その例を、これ何年間になるわけですよ、徒競走で手をつないでゴールしたというのは。私は、その中にいろんな工夫があると思います。今、高市大臣が言われたのも一つの工夫でしょう、それは。…」
  2015-11-11 参議院 予算委員会 | アントニオ猪木（ 日本を元気にする会・無所属会）| 「…変わってきたというか。それで一つ、前から質問しようと思っていたんですが、ゆとり教育ということで、ゴールするときにみんなが手をつないでゴールするという、大分前の話だったと思いますが。そのときに私もいろんなところからインタビューを受けて、どう思いますかと。…」
== 家族の絆 1998 都築譲 自由党 「…は「自律した個人が多様な選択肢と公正なルールのもとで、自らの生き方を創造的かつ自由に追求できる創造的自由主義」である。」ということで、ちょっと中略でございますが、そしてまた六つの基本的事項の第一に来るのが、実は今のこの国の社会を展望したときに私たちとして、「国や社会に安易に依存するのではなく、自立を重んじ、自己を律し、家族の絆を大切にし、国を愛する国民が自ら目標を定め、行動する「国民が主役の社会」…」
自己責任原則 1985-1989: api=17 fetched=17 literal=17
自己責任原則 1990-1994: api=175 fetched=175 literal=175
自己責任原則 1991-1991: api=72 fetched=72 literal=72
自己責任原則 1995-1999: api=586 fetched=586 literal=586
1972: 1972-03-21 参議院 大蔵委員会 鈴木両平 通商産業省鉱山石炭局石油計画課長 「…からの責任において公害防除の技術革新をやっていくという声が国際的に強くなってきております。一方いまの自己責任原則からいいまして、日本の一年間の消費量が四十七年で…」
1970-09-03: 衆議院 大蔵委員会金融及び証券に関する小委員会 伊原隆 全国地方銀行協会会長
1991-12-17: 参議院 決算委員会 松野允彦 大蔵省証券局長
結婚退職 1964: 1964-12-17 参議院 社会労働委員会 石田博英 労働大臣
結婚退職 1964: 1964-12-16 参議院 決算委員会 石田博英 労働大臣
結婚退職 1964: 1964-12-16 参議院 決算委員会 石田博英 労働大臣
結婚退職 1964: 1964-12-03 参議院 社会労働委員会 道正邦彦 労働省職業安定局失業対策部長
年功序列 1960: 1960-12-21 衆議院 科学技術振興対策特別委員会 岡良一  日本社会党
年功序列 1960: 1960-12-21 参議院 予算委員会 石田博英 労働大臣 自由民主党
年功序列 1960: 1960-12-16 衆議院 予算委員会 石田博英 労働大臣 自由民主党
年功序列 1960: 1960-12-16 衆議院 社会労働委員会 石田博英 労働大臣 自由民主党
年功序列 1960: 1960-10-23 参議院 本会議 石田博英 労働大臣 自由民主党
年功序列 1960: 1960-09-01 参議院 内閣委員会 滝本忠男 人事院事務総局給与局長 
年功序列 1960: 1960-05-06 衆議院 地方行政委員会 古賀専 全国交通運輸産業労働組合同盟会長 
根性論 1969: 参議院 予算委員会 有田喜一 防衛庁長官 「…。しかし同時に、国力、国情に応じた自衛力の整備もやっていかなければならない、かように思っておりまして、保利官房長官がどういうことを言われたか知りませんけれども、根性論には賛成でございます。また同時に、…」
